src/components/Canvas/canvasUtils.ts(6,12): error TS2792: Cannot find module 'fabric'. Did you mean to set the 'moduleResolution' option to 'nodenext', or to add aliases to the 'paths' option?
